fsl_common.h:552:28:uint32_t DisableGlobalIRQ()	16	static
fsl_common.h:583:24:void EnableGlobalIRQ(uint32_t)	24	static
flash_adapter.c:49:27:hal_flash_status_t HAL_FlashGetStatus(status_t)	24	static
flash_adapter.c:70:27:hal_flash_status_t HAL_FlashProgramAdaptation(hal_flash_handle_t, uint32_t, uint32_t, uint8_t*)	40	static
flash_adapter.c:121:20:hal_flash_status_t HAL_FlashInit(hal_flash_handle_t)	24	static
flash_adapter.c:146:20:hal_flash_status_t HAL_FlashVerifyErase(hal_flash_handle_t, uint32_t, uint32_t, hal_flash_margin_value_t)	40	static
flash_adapter.c:171:20:hal_flash_status_t HAL_FlashProgram(hal_flash_handle_t, uint32_t, uint32_t, uint8_t*)	24	static
flash_adapter.c:188:20:hal_flash_status_t HAL_FlashProgramUnaligned(hal_flash_handle_t, uint32_t, uint32_t, uint8_t*)	40	static
flash_adapter.c:259:20:hal_flash_status_t HAL_FlashEraseSector(hal_flash_handle_t, uint32_t, uint32_t)	40	static
flash_adapter.c:282:20:hal_flash_status_t HAL_FlashRead(hal_flash_handle_t, uint32_t, uint32_t, uint8_t*)	24	static
flash_adapter.c:302:20:hal_flash_status_t HAL_FlashGetProperty(hal_flash_handle_t, hal_flash_property_tag_t, uint32_t*)	32	static
flash_adapter.c:323:20:hal_flash_status_t HAL_FlashSetProperty(hal_flash_handle_t, hal_flash_property_tag_t, uint32_t)	24	static
flash_adapter.c:344:20:hal_flash_status_t HAL_FlashGetSecurityState(hal_flash_handle_t, hal_flash_security_state_t*)	24	static
