startup_mkv58f24.cpp:499:6:void data_init(unsigned int, unsigned int, unsigned int)	4	static
startup_mkv58f24.cpp:508:6:void bss_init(unsigned int, unsigned int)	0	static
startup_mkv58f24.cpp:533:6:void ResetISR()	8	static
startup_mkv58f24.cpp:621:14:void NMI_Handler()	0	static
startup_mkv58f24.cpp:625:14:void HardFault_Handler()	0	static
startup_mkv58f24.cpp:629:14:void MemManage_Handler()	0	static
startup_mkv58f24.cpp:633:14:void BusFault_Handler()	0	static
startup_mkv58f24.cpp:637:14:void UsageFault_Handler()	0	static
startup_mkv58f24.cpp:641:14:void SVC_Handler()	0	static
startup_mkv58f24.cpp:645:14:void DebugMon_Handler()	0	static
startup_mkv58f24.cpp:649:14:void PendSV_Handler()	0	static
startup_mkv58f24.cpp:653:14:void SysTick_Handler()	0	static
startup_mkv58f24.cpp:661:14:void IntDefaultHandler()	0	static
startup_mkv58f24.cpp:671:11:void DMA0_DMA16_IRQHandler()	8	static
startup_mkv58f24.cpp:675:11:void DMA1_DMA17_IRQHandler()	8	static
startup_mkv58f24.cpp:679:11:void DMA2_DMA18_IRQHandler()	8	static
startup_mkv58f24.cpp:683:11:void DMA3_DMA19_IRQHandler()	8	static
startup_mkv58f24.cpp:687:11:void DMA4_DMA20_IRQHandler()	8	static
startup_mkv58f24.cpp:691:11:void DMA5_DMA21_IRQHandler()	8	static
startup_mkv58f24.cpp:695:11:void DMA6_DMA22_IRQHandler()	8	static
startup_mkv58f24.cpp:699:11:void DMA7_DMA23_IRQHandler()	8	static
startup_mkv58f24.cpp:703:11:void DMA8_DMA24_IRQHandler()	8	static
startup_mkv58f24.cpp:707:11:void DMA9_DMA25_IRQHandler()	8	static
startup_mkv58f24.cpp:711:11:void DMA10_DMA26_IRQHandler()	8	static
startup_mkv58f24.cpp:715:11:void DMA11_DMA27_IRQHandler()	8	static
startup_mkv58f24.cpp:719:11:void DMA12_DMA28_IRQHandler()	8	static
startup_mkv58f24.cpp:723:11:void DMA13_DMA29_IRQHandler()	8	static
startup_mkv58f24.cpp:727:11:void DMA14_DMA30_IRQHandler()	8	static
startup_mkv58f24.cpp:731:11:void DMA15_DMA31_IRQHandler()	8	static
startup_mkv58f24.cpp:735:11:void DMA_Error_IRQHandler()	8	static
startup_mkv58f24.cpp:739:11:void MCM_IRQHandler()	8	static
startup_mkv58f24.cpp:743:11:void FTFE_IRQHandler()	8	static
startup_mkv58f24.cpp:747:11:void Read_Collision_IRQHandler()	8	static
startup_mkv58f24.cpp:751:11:void PMC_IRQHandler()	8	static
startup_mkv58f24.cpp:755:11:void LLWU_IRQHandler()	8	static
startup_mkv58f24.cpp:759:11:void WDOG_EWM_IRQHandler()	8	static
startup_mkv58f24.cpp:763:11:void TRNG0_IRQHandler()	8	static
startup_mkv58f24.cpp:767:11:void I2C0_IRQHandler()	8	static
startup_mkv58f24.cpp:771:11:void I2C1_IRQHandler()	8	static
startup_mkv58f24.cpp:775:11:void SPI0_IRQHandler()	8	static
startup_mkv58f24.cpp:779:11:void SPI1_IRQHandler()	8	static
startup_mkv58f24.cpp:783:11:void UART5_RX_TX_IRQHandler()	8	static
startup_mkv58f24.cpp:787:11:void UART5_ERR_IRQHandler()	8	static
startup_mkv58f24.cpp:791:11:void Reserved46_IRQHandler()	8	static
startup_mkv58f24.cpp:795:11:void UART0_RX_TX_IRQHandler()	8	static
startup_mkv58f24.cpp:799:11:void UART0_ERR_IRQHandler()	8	static
startup_mkv58f24.cpp:803:11:void UART1_RX_TX_IRQHandler()	8	static
startup_mkv58f24.cpp:807:11:void UART1_ERR_IRQHandler()	8	static
startup_mkv58f24.cpp:811:11:void UART2_RX_TX_IRQHandler()	8	static
startup_mkv58f24.cpp:815:11:void UART2_ERR_IRQHandler()	8	static
startup_mkv58f24.cpp:819:11:void ADC0_IRQHandler()	8	static
startup_mkv58f24.cpp:823:11:void HSADC_ERR_IRQHandler()	8	static
startup_mkv58f24.cpp:827:11:void HSADC0_CCA_IRQHandler()	8	static
startup_mkv58f24.cpp:831:11:void CMP0_IRQHandler()	8	static
startup_mkv58f24.cpp:835:11:void CMP1_IRQHandler()	8	static
startup_mkv58f24.cpp:839:11:void FTM0_IRQHandler()	8	static
startup_mkv58f24.cpp:843:11:void FTM1_IRQHandler()	8	static
startup_mkv58f24.cpp:847:11:void UART3_RX_TX_IRQHandler()	8	static
startup_mkv58f24.cpp:851:11:void UART3_ERR_IRQHandler()	8	static
startup_mkv58f24.cpp:855:11:void UART4_RX_TX_IRQHandler()	8	static
startup_mkv58f24.cpp:859:11:void UART4_ERR_IRQHandler()	8	static
startup_mkv58f24.cpp:863:11:void PIT0_IRQHandler()	8	static
startup_mkv58f24.cpp:867:11:void PIT1_IRQHandler()	8	static
startup_mkv58f24.cpp:871:11:void PIT2_IRQHandler()	8	static
startup_mkv58f24.cpp:875:11:void PIT3_IRQHandler()	8	static
startup_mkv58f24.cpp:879:11:void PDB0_IRQHandler()	8	static
startup_mkv58f24.cpp:883:11:void FTM2_IRQHandler()	8	static
startup_mkv58f24.cpp:887:11:void XBARA_IRQHandler()	8	static
startup_mkv58f24.cpp:891:11:void PDB1_IRQHandler()	8	static
startup_mkv58f24.cpp:895:11:void DAC0_IRQHandler()	8	static
startup_mkv58f24.cpp:899:11:void MCG_IRQHandler()	8	static
startup_mkv58f24.cpp:903:11:void LPTMR0_IRQHandler()	8	static
startup_mkv58f24.cpp:907:11:void PORTA_IRQHandler()	8	static
startup_mkv58f24.cpp:911:11:void PORTB_IRQHandler()	8	static
startup_mkv58f24.cpp:915:11:void PORTC_IRQHandler()	8	static
startup_mkv58f24.cpp:919:11:void PORTD_IRQHandler()	8	static
startup_mkv58f24.cpp:923:11:void PORTE_IRQHandler()	8	static
startup_mkv58f24.cpp:927:11:void SWI_IRQHandler()	8	static
startup_mkv58f24.cpp:931:11:void SPI2_IRQHandler()	8	static
startup_mkv58f24.cpp:935:11:void ENC_COMPARE_IRQHandler()	8	static
startup_mkv58f24.cpp:939:11:void ENC_HOME_IRQHandler()	8	static
startup_mkv58f24.cpp:943:11:void ENC_WDOG_SAB_IRQHandler()	8	static
startup_mkv58f24.cpp:947:11:void ENC_INDEX_IRQHandler()	8	static
startup_mkv58f24.cpp:951:11:void CMP2_IRQHandler()	8	static
startup_mkv58f24.cpp:955:11:void FTM3_IRQHandler()	8	static
startup_mkv58f24.cpp:959:11:void Reserved88_IRQHandler()	8	static
startup_mkv58f24.cpp:963:11:void HSADC0_CCB_IRQHandler()	8	static
startup_mkv58f24.cpp:967:11:void HSADC1_CCA_IRQHandler()	8	static
startup_mkv58f24.cpp:971:11:void CAN0_ORed_Message_buffer_IRQHandler()	8	static
startup_mkv58f24.cpp:975:11:void CAN0_Bus_Off_IRQHandler()	8	static
startup_mkv58f24.cpp:979:11:void CAN0_Error_IRQHandler()	8	static
startup_mkv58f24.cpp:983:11:void CAN0_Tx_Warning_IRQHandler()	8	static
startup_mkv58f24.cpp:987:11:void CAN0_Rx_Warning_IRQHandler()	8	static
startup_mkv58f24.cpp:991:11:void CAN0_Wake_Up_IRQHandler()	8	static
startup_mkv58f24.cpp:995:11:void PWM0_CMP0_IRQHandler()	8	static
startup_mkv58f24.cpp:999:11:void PWM0_RELOAD0_IRQHandler()	8	static
startup_mkv58f24.cpp:1003:11:void PWM0_CMP1_IRQHandler()	8	static
startup_mkv58f24.cpp:1007:11:void PWM0_RELOAD1_IRQHandler()	8	static
startup_mkv58f24.cpp:1011:11:void PWM0_CMP2_IRQHandler()	8	static
startup_mkv58f24.cpp:1015:11:void PWM0_RELOAD2_IRQHandler()	8	static
startup_mkv58f24.cpp:1019:11:void PWM0_CMP3_IRQHandler()	8	static
startup_mkv58f24.cpp:1023:11:void PWM0_RELOAD3_IRQHandler()	8	static
startup_mkv58f24.cpp:1027:11:void PWM0_CAP_IRQHandler()	8	static
startup_mkv58f24.cpp:1031:11:void PWM0_RERR_IRQHandler()	8	static
startup_mkv58f24.cpp:1035:11:void PWM0_FAULT_IRQHandler()	8	static
startup_mkv58f24.cpp:1039:11:void CMP3_IRQHandler()	8	static
startup_mkv58f24.cpp:1043:11:void HSADC1_CCB_IRQHandler()	8	static
startup_mkv58f24.cpp:1047:11:void CAN1_ORed_Message_buffer_IRQHandler()	8	static
startup_mkv58f24.cpp:1051:11:void CAN1_Bus_Off_IRQHandler()	8	static
startup_mkv58f24.cpp:1055:11:void CAN1_Error_IRQHandler()	8	static
startup_mkv58f24.cpp:1059:11:void CAN1_Tx_Warning_IRQHandler()	8	static
startup_mkv58f24.cpp:1063:11:void CAN1_Rx_Warning_IRQHandler()	8	static
startup_mkv58f24.cpp:1067:11:void CAN1_Wake_Up_IRQHandler()	8	static
startup_mkv58f24.cpp:1071:11:void ENET_1588_Timer_IRQHandler()	8	static
startup_mkv58f24.cpp:1075:11:void ENET_Transmit_IRQHandler()	8	static
startup_mkv58f24.cpp:1079:11:void ENET_Receive_IRQHandler()	8	static
startup_mkv58f24.cpp:1083:11:void ENET_Error_IRQHandler()	8	static
startup_mkv58f24.cpp:1087:11:void PWM1_CMP0_IRQHandler()	8	static
startup_mkv58f24.cpp:1091:11:void PWM1_RELOAD0_IRQHandler()	8	static
startup_mkv58f24.cpp:1095:11:void PWM1_CMP1_IRQHandler()	8	static
startup_mkv58f24.cpp:1099:11:void PWM1_RELOAD1_IRQHandler()	8	static
startup_mkv58f24.cpp:1103:11:void PWM1_CMP2_IRQHandler()	8	static
startup_mkv58f24.cpp:1107:11:void PWM1_RELOAD2_IRQHandler()	8	static
startup_mkv58f24.cpp:1111:11:void PWM1_CMP3_IRQHandler()	8	static
startup_mkv58f24.cpp:1115:11:void PWM1_RELOAD3_IRQHandler()	8	static
startup_mkv58f24.cpp:1119:11:void PWM1_CAP_IRQHandler()	8	static
startup_mkv58f24.cpp:1123:11:void PWM1_RERR_IRQHandler()	8	static
startup_mkv58f24.cpp:1127:11:void PWM1_FAULT_IRQHandler()	8	static
startup_mkv58f24.cpp:1131:11:void CAN2_ORed_Message_buffer_IRQHandler()	8	static
startup_mkv58f24.cpp:1135:11:void CAN2_Bus_Off_IRQHandler()	8	static
startup_mkv58f24.cpp:1139:11:void CAN2_Error_IRQHandler()	8	static
startup_mkv58f24.cpp:1143:11:void CAN2_Tx_Warning_IRQHandler()	8	static
startup_mkv58f24.cpp:1147:11:void CAN2_Rx_Warning_IRQHandler()	8	static
startup_mkv58f24.cpp:1151:11:void CAN2_Wake_Up_IRQHandler()	8	static
