fsl_debug_console.c:341:10:status_t DbgConsole_ReadOneCharacter(uint8_t*)	16	static
fsl_debug_console.c:412:5:int DbgConsole_SendData(uint8_t*, size_t)	24	static
fsl_debug_console.c:479:5:int DbgConsole_SendDataReliable(uint8_t*, size_t)	24	static
fsl_debug_console.c:555:5:int DbgConsole_ReadLine(uint8_t*, size_t)	24	static
fsl_debug_console.c:615:5:int DbgConsole_ReadCharacter(uint8_t*)	24	static
fsl_debug_console.c:648:13:void DbgConsole_PrintCallback(char*, int32_t*, char, int)	32	static
fsl_debug_console.c:670:10:status_t DbgConsole_Init(uint8_t, uint32_t, serial_port_type_t, uint32_t)	56	static
fsl_debug_console.c:801:10:status_t DbgConsole_Deinit()	8	static
fsl_debug_console.c:838:40:status_t DbgConsole_Flush()	4	static
fsl_debug_console.c:877:5:)	152	static
fsl_debug_console.c:897:5:int DbgConsole_Putchar(int)	16	static
fsl_debug_console.c:904:5:)	40	static
fsl_debug_console.c:922:5:)	152	static
fsl_debug_console.c:990:5:int DbgConsole_Getchar()	16	static
