fsl_common.h:552:28:uint32_t DisableGlobalIRQ()	16	static
fsl_common.h:583:24:void EnableGlobalIRQ(uint32_t)	24	static
generic_list.c:16:22:list_status_t LIST_Error_Check(list_handle_t, list_element_handle_t)	24	static
generic_list.c:62:6:void LIST_Init(list_handle_t, uint32_t)	16	static
generic_list.c:85:15:list_label* LIST_GetList(list_element_handle_t)	16	static
generic_list.c:106:15:list_status_t LIST_AddTail(list_handle_t, list_element_handle_t)	24	static
generic_list.c:152:15:list_status_t LIST_AddHead(list_handle_t, list_element_handle_t)	24	static
generic_list.c:198:23:list_element_tag* LIST_RemoveHead(list_handle_t)	24	static
generic_list.c:246:23:list_element_tag* LIST_GetHead(list_handle_t)	16	static
generic_list.c:266:23:list_element_tag* LIST_GetNext(list_element_handle_t)	16	static
generic_list.c:286:23:list_element_tag* LIST_GetPrev(list_element_handle_t)	16	static
generic_list.c:310:15:list_status_t LIST_RemoveElement(list_element_handle_t)	24	static
generic_list.c:381:15:list_status_t LIST_AddPrevElement(list_element_handle_t, list_element_handle_t)	24	static
generic_list.c:453:10:uint32_t LIST_GetSize(list_handle_t)	16	static
generic_list.c:472:10:uint32_t LIST_GetAvailableSize(list_handle_t)	16	static
