fsl_clock.h:694:20:void CLOCK_SetEr32kClock(uint32_t)	16	static
fsl_clock.h:727:20:void CLOCK_SetPllFllSelClock(uint32_t)	16	static
fsl_clock.h:1129:20:void OSC_SetExtRefClkConfig(OSC_Type*, const oscer_config_t*)	24	static
fsl_clock.h:1157:20:void OSC_SetCapLoad(OSC_Type*, uint8_t)	24	static
fsl_clock.c:192:13:void CLOCK_FllStableDelay()	16	static
fsl_clock.c:212:17:uint32_t CLOCK_GetMcgExtClkFreq()	8	static
fsl_clock.c:219:17:uint32_t CLOCK_GetFllExtRefClkFreq()	16	static
fsl_clock.c:266:17:uint32_t CLOCK_GetInternalRefClkSelectFreq()	16	static
fsl_clock.c:284:17:uint32_t CLOCK_GetFllRefClkFreq()	16	static
fsl_clock.c:302:17:uint32_t CLOCK_GetPll0RefFreq()	8	static
fsl_clock.c:308:16:uint8_t CLOCK_GetOscRangeFromFreq(uint32_t)	24	static
fsl_clock.c:333:10:uint32_t CLOCK_GetOsc0ErClkUndivFreq()	16	static
fsl_clock.c:355:10:uint32_t CLOCK_GetOsc0ErClkDivFreq()	16	static
fsl_clock.c:378:10:uint32_t CLOCK_GetEr32kClkFreq()	16	static
fsl_clock.c:402:10:uint32_t CLOCK_GetPllFllSelClkFreq()	16	static
fsl_clock.c:427:10:uint32_t CLOCK_GetOsc0ErClkFreq()	8	static
fsl_clock.c:437:10:uint32_t CLOCK_GetFastPeriphClkFreq()	8	static
fsl_clock.c:447:10:uint32_t CLOCK_GetFlashClkFreq()	8	static
fsl_clock.c:457:10:uint32_t CLOCK_GetFlexBusClkFreq()	8	static
fsl_clock.c:467:10:uint32_t CLOCK_GetBusClkFreq()	8	static
fsl_clock.c:477:10:uint32_t CLOCK_GetCoreSysClkFreq()	8	static
fsl_clock.c:492:10:uint32_t CLOCK_GetFreq(clock_name_t)	24	static
fsl_clock.c:553:6:void CLOCK_SetSimConfig(const sim_clock_config_t*)	16	static
fsl_clock.c:568:10:uint32_t CLOCK_GetOutClkFreq()	16	static
fsl_clock.c:604:10:uint32_t CLOCK_GetFllFreq()	24	static
fsl_clock.c:644:10:uint32_t CLOCK_GetInternalRefClkFreq()	16	static
fsl_clock.c:669:10:uint32_t CLOCK_GetFixedFreqClkFreq()	16	static
fsl_clock.c:695:10:uint32_t CLOCK_GetPll0Freq()	24	static
fsl_clock.c:741:10:status_t CLOCK_SetExternalRefClkConfig(mcg_oscsel_t)	16	static
fsl_clock.c:765:10:status_t CLOCK_SetInternalRefClkConfig(uint8_t, mcg_irc_mode_t, uint8_t)	24	static
fsl_clock.c:830:10:uint32_t CLOCK_CalcPllDiv(uint32_t, uint32_t, uint8_t*, uint8_t*)	48	static
fsl_clock.c:943:6:void CLOCK_EnablePll0(const mcg_pll_config_t*)	24	static
fsl_clock.c:970:6:void CLOCK_SetOsc0MonitorMode(mcg_monitor_mode_t)	16	static
fsl_clock.c:1000:6:void CLOCK_SetPll0MonitorMode(mcg_monitor_mode_t)	24	static
fsl_clock.c:1054:10:uint32_t CLOCK_GetStatusFlags()	16	static
fsl_clock.c:1094:6:void CLOCK_ClearStatusFlags(uint32_t)	16	static
fsl_clock.c:1113:6:void CLOCK_InitOsc0(const osc_config_t*)	24	static
fsl_clock.c:1136:6:void CLOCK_DeinitOsc0()	4	static
fsl_clock.c:1147:6:void CLOCK_SetSlowIrcFreq(uint32_t)	16	static
fsl_clock.c:1157:6:void CLOCK_SetFastIrcFreq(uint32_t)	16	static
fsl_clock.c:1180:10:status_t CLOCK_TrimInternalRefClk(uint32_t, uint32_t, uint32_t*, mcg_atm_select_t)	40	static
fsl_clock.c:1266:12:mcg_mode_t CLOCK_GetMode()	32	static
fsl_clock.c:1384:10:status_t CLOCK_SetFeiMode(mcg_dmx32_t, mcg_drs_t, void (*)())	24	static
fsl_clock.c:1460:10:status_t CLOCK_SetFeeMode(uint8_t, mcg_dmx32_t, mcg_drs_t, void (*)())	24	static
fsl_clock.c:1554:10:status_t CLOCK_SetFbiMode(mcg_dmx32_t, mcg_drs_t, void (*)())	24	static
fsl_clock.c:1634:10:status_t CLOCK_SetFbeMode(uint8_t, mcg_dmx32_t, mcg_drs_t, void (*)())	24	static
fsl_clock.c:1726:10:status_t CLOCK_SetBlpiMode()	4	static
fsl_clock.c:1750:10:status_t CLOCK_SetBlpeMode()	4	static
fsl_clock.c:1784:10:status_t CLOCK_SetPbeMode(mcg_pll_clk_select_t, const mcg_pll_config_t*)	16	static
fsl_clock.c:1837:10:status_t CLOCK_SetPeeMode()	4	static
fsl_clock.c:1874:10:status_t CLOCK_ExternalModeToFbeModeQuick()	4	static
fsl_clock.c:1916:10:status_t CLOCK_InternalModeToFbiModeQuick()	4	static
fsl_clock.c:1951:10:status_t CLOCK_BootToFeiMode(mcg_dmx32_t, mcg_drs_t, void (*)())	16	static
fsl_clock.c:1971:10:status_t CLOCK_BootToFeeMode(mcg_oscsel_t, uint8_t, mcg_dmx32_t, mcg_drs_t, void (*)())	24	static
fsl_clock.c:1992:10:status_t CLOCK_BootToBlpiMode(uint8_t, mcg_irc_mode_t, uint8_t)	16	static
fsl_clock.c:2020:10:status_t CLOCK_BootToBlpeMode(mcg_oscsel_t)	16	static
fsl_clock.c:2064:10:status_t CLOCK_BootToPeeMode(mcg_oscsel_t, mcg_pll_clk_select_t, const mcg_pll_config_t*)	16	static
fsl_clock.c:2124:10:status_t CLOCK_SetMcgConfig(const mcg_config_t*)	32	static
