core_cm7.h:1902:22:void __NVIC_EnableIRQ(IRQn_Type)	16	static
fsl_clock.h:672:20:void CLOCK_EnableClock(clock_ip_name_t)	24	static
fsl_clock.h:683:20:void CLOCK_DisableClock(clock_ip_name_t)	24	static
fsl_common.h:484:28:status_t EnableIRQ(IRQn_Type)	16	static
fsl_uart.c:131:10:uint32_t UART_GetInstance(UART_Type*)	24	static
fsl_uart.c:156:8:size_t UART_TransferGetRxRingBufferLength(uart_handle_t*)	24	static
fsl_uart.c:176:13:bool UART_TransferIsRxRingBufferFull(uart_handle_t*)	24	static
fsl_uart.c:216:10:status_t UART_Init(UART_Type*, const uart_config_t*, uint32_t)	48	static
fsl_uart.c:361:6:void UART_Deinit(UART_Type*)	16	static
fsl_uart.c:400:6:void UART_GetDefaultConfig(uart_config_t*)	16	static
fsl_uart.c:440:10:status_t UART_SetBaudRate(UART_Type*, uint32_t, uint32_t)	48	static
fsl_uart.c:521:6:void UART_EnableInterrupts(UART_Type*, uint32_t)	16	static
fsl_uart.c:549:6:void UART_DisableInterrupts(UART_Type*, uint32_t)	16	static
fsl_uart.c:584:10:uint32_t UART_GetEnabledInterrupts(UART_Type*)	24	static
fsl_uart.c:616:10:uint32_t UART_GetStatusFlags(UART_Type*)	24	static
fsl_uart.c:651:10:status_t UART_ClearStatusFlags(UART_Type*, uint32_t)	24	static
fsl_uart.c:711:10:status_t UART_WriteBlocking(UART_Type*, const uint8_t*, size_t)	24	static
fsl_uart.c:753:13:void UART_WriteNonBlocking(UART_Type*, const uint8_t*, size_t)	32	static
fsl_uart.c:783:10:status_t UART_ReadBlocking(UART_Type*, uint8_t*, size_t)	32	static
fsl_uart.c:861:13:void UART_ReadNonBlocking(UART_Type*, uint8_t*, size_t)	32	static
fsl_uart.c:887:6:void UART_TransferCreateHandle(UART_Type*, uart_handle_t*, uart_transfer_callback_t, void*)	32	static
fsl_uart.c:935:6:void UART_TransferStartRingBuffer(UART_Type*, uart_handle_t*, uint8_t*, size_t)	24	static
fsl_uart.c:965:6:void UART_TransferStopRingBuffer(UART_Type*, uart_handle_t*)	16	static
fsl_uart.c:1006:10:status_t UART_TransferSendNonBlocking(UART_Type*, uart_handle_t*, uart_transfer_t*)	32	static
fsl_uart.c:1045:6:void UART_TransferAbortSend(UART_Type*, uart_handle_t*)	16	static
fsl_uart.c:1068:10:status_t UART_TransferGetSendCount(UART_Type*, uart_handle_t*, uint32_t*)	24	static
fsl_uart.c:1119:10:status_t UART_TransferReceiveNonBlocking(UART_Type*, uart_handle_t*, uart_transfer_t*, size_t*)	56	static
fsl_uart.c:1251:6:void UART_TransferAbortReceive(UART_Type*, uart_handle_t*)	16	static
fsl_uart.c:1285:10:status_t UART_TransferGetReceiveCount(UART_Type*, uart_handle_t*, uint32_t*)	24	static
fsl_uart.c:1316:10:status_t UART_EnableTxFIFO(UART_Type*, bool)	24	static
fsl_uart.c:1361:10:status_t UART_EnableRxFIFO(UART_Type*, bool)	24	static
fsl_uart.c:1404:6:void UART_TransferHandleIRQ(UART_Type*, uart_handle_t*)	40	static
fsl_uart.c:1708:6:void UART_TransferHandleErrorIRQ(UART_Type*, uart_handle_t*)	16	static
fsl_uart.c:1728:6:void UART0_DriverIRQHandler()	8	static
fsl_uart.c:1734:6:void UART0_RX_TX_DriverIRQHandler()	8	static
fsl_uart.c:1743:6:void UART1_DriverIRQHandler()	8	static
fsl_uart.c:1749:6:void UART1_RX_TX_DriverIRQHandler()	8	static
fsl_uart.c:1757:6:void UART2_DriverIRQHandler()	8	static
fsl_uart.c:1763:6:void UART2_RX_TX_DriverIRQHandler()	8	static
fsl_uart.c:1771:6:void UART3_DriverIRQHandler()	8	static
fsl_uart.c:1777:6:void UART3_RX_TX_DriverIRQHandler()	8	static
fsl_uart.c:1786:6:void UART4_DriverIRQHandler()	8	static
fsl_uart.c:1792:6:void UART4_RX_TX_DriverIRQHandler()	8	static
fsl_uart.c:1800:6:void UART5_DriverIRQHandler()	8	static
fsl_uart.c:1806:6:void UART5_RX_TX_DriverIRQHandler()	8	static
