fsl_clock.h:672:20:void CLOCK_EnableClock(clock_ip_name_t)	24	static
fsl_clock.h:683:20:void CLOCK_DisableClock(clock_ip_name_t)	24	static
fsl_hsadc.c:70:17:uint32_t HSADC_GetInstance(HSADC_Type*)	24	static
fsl_hsadc.c:99:6:void HSADC_Init(HSADC_Type*, const hsadc_config_t*)	24	static
fsl_hsadc.c:164:6:void HSADC_GetDefaultConfig(hsadc_config_t*)	16	static
fsl_hsadc.c:189:6:void HSADC_Deinit(HSADC_Type*)	16	static
fsl_hsadc.c:207:6:void HSADC_SetConverterConfig(HSADC_Type*, uint16_t, const hsadc_converter_config_t*)	32	static
fsl_hsadc.c:288:6:void HSADC_GetDefaultConverterConfig(hsadc_converter_config_t*)	16	static
fsl_hsadc.c:308:6:void HSADC_EnableConverter(HSADC_Type*, uint16_t, bool)	16	static
fsl_hsadc.c:348:6:void HSADC_EnableConverterSyncInput(HSADC_Type*, uint16_t, bool)	16	static
fsl_hsadc.c:387:6:void HSADC_EnableConverterPower(HSADC_Type*, uint16_t, bool)	16	static
fsl_hsadc.c:424:6:void HSADC_DoSoftwareTriggerConverter(HSADC_Type*, uint16_t)	16	static
fsl_hsadc.c:445:6:void HSADC_EnableConverterDMA(HSADC_Type*, uint16_t, bool)	16	static
fsl_hsadc.c:479:6:void HSADC_EnableInterrupts(HSADC_Type*, uint16_t)	24	static
fsl_hsadc.c:532:6:void HSADC_DisableInterrupts(HSADC_Type*, uint16_t)	24	static
fsl_hsadc.c:586:10:uint16_t HSADC_GetStatusFlags(HSADC_Type*)	24	static
fsl_hsadc.c:666:6:void HSADC_ClearStatusFlags(HSADC_Type*, uint16_t)	24	static
fsl_hsadc.c:703:13:void HSADC_SetChannel67Mux(HSADC_Type*, uint16_t, uint16_t, bool)	32	static
fsl_hsadc.c:787:6:void HSADC_SetSampleConfig(HSADC_Type*, uint16_t, const hsadc_sample_config_t*)	32	static
fsl_hsadc.c:917:6:void HSADC_GetDefaultSampleConfig(hsadc_sample_config_t*)	16	static
fsl_hsadc.c:946:6:void HSADC_DoAutoCalibration(HSADC_Type*, uint16_t, uint16_t)	16	static
fsl_hsadc.c:999:10:uint32_t HSADC_GetCalibrationResultValue(HSADC_Type*)	24	static
fsl_hsadc.c:1015:6:void HSADC_EnableCalibrationResultValue(HSADC_Type*, uint16_t, bool)	16	static
