fsl_ftfx_flash.c:165:10:status_t FLASH_Init(flash_config_t*)	24	static
fsl_ftfx_flash.c:233:10:status_t FLASH_Erase(flash_config_t*, uint32_t, uint32_t, uint32_t)	32	static
fsl_ftfx_flash.c:254:10:status_t FLASH_EraseAll(flash_config_t*, uint32_t)	16	static
fsl_ftfx_flash.c:263:10:status_t FLASH_EraseAllUnsecure(flash_config_t*, uint32_t)	16	static
fsl_ftfx_flash.c:275:10:status_t FLASH_Program(flash_config_t*, uint32_t, uint8_t*, uint32_t)	32	static
fsl_ftfx_flash.c:296:10:status_t FLASH_ProgramOnce(flash_config_t*, uint32_t, uint8_t*, uint32_t)	24	static
fsl_ftfx_flash.c:309:10:status_t FLASH_ProgramSection(flash_config_t*, uint32_t, uint8_t*, uint32_t)	32	static
fsl_ftfx_flash.c:332:10:status_t FLASH_ReadResource(flash_config_t*, uint32_t, uint8_t*, uint32_t, ftfx_read_resource_opt_t)	32	static
fsl_ftfx_flash.c:342:10:status_t FLASH_ReadOnce(flash_config_t*, uint32_t, uint8_t*, uint32_t)	24	static
fsl_ftfx_flash.c:354:10:status_t FLASH_VerifyErase(flash_config_t*, uint32_t, uint32_t, ftfx_margin_value_t)	32	static
fsl_ftfx_flash.c:375:10:status_t FLASH_VerifyEraseAll(flash_config_t*, ftfx_margin_value_t)	16	static
fsl_ftfx_flash.c:387:10:status_t FLASH_VerifyProgram(flash_config_t*, uint32_t, uint32_t, const uint8_t*, ftfx_margin_value_t, uint32_t*, uint32_t*)	48	static
fsl_ftfx_flash.c:415:10:status_t FLASH_GetSecurityState(flash_config_t*, ftfx_security_state_t*)	16	static
fsl_ftfx_flash.c:423:10:status_t FLASH_SecurityBypass(flash_config_t*, const uint8_t*)	16	static
fsl_ftfx_flash.c:547:10:status_t FLASH_IsProtected(flash_config_t*, uint32_t, uint32_t, flash_prot_state_t*)	224	static
fsl_ftfx_flash.c:884:10:status_t FLASH_PflashSetProtection(flash_config_t*, pflash_prot_status_t*)	16	static
fsl_ftfx_flash.c:968:10:status_t FLASH_PflashGetProtection(flash_config_t*, pflash_prot_status_t*)	16	static
fsl_ftfx_flash.c:1025:10:status_t FLASH_GetProperty(flash_config_t*, flash_property_tag_t, uint32_t*)	32	static
fsl_ftfx_flash.c:1115:13:void flash_init_features(ftfx_config_t*)	16	static
fsl_ftfx_flash.c:1153:13:void flash_opsonfig_Init(flash_config_t*, uint8_t)	64	static
fsl_ftfx_flash.c:1259:13:void flash_protection_init(flash_config_t*, uint8_t)	24	static
fsl_ftfx_flash.c:1319:17:uint32_t flash_calculate_mem_size(uint32_t, uint32_t, uint32_t, uint32_t)	32	static
fsl_ftfx_flash.c:1345:17:uint32_t flash_calculate_prot_segment_size(uint32_t, uint32_t)	24	static
fsl_ftfx_flash.c:1367:17:status_t flash_check_range_to_get_index(flash_config_t*, uint32_t, uint32_t, uint8_t*)	32	static
fsl_ftfx_flash.c:1396:13:void flash_convert_start_address(ftfx_config_t*, uint32_t)	16	static
