core_cm7.h:1902:22:void __NVIC_EnableIRQ(IRQn_Type)	16	static
fsl_clock.h:672:20:void CLOCK_EnableClock(clock_ip_name_t)	24	static
fsl_clock.h:683:20:void CLOCK_DisableClock(clock_ip_name_t)	24	static
fsl_common.h:484:28:status_t EnableIRQ(IRQn_Type)	16	static
fsl_flexcan.h:836:24:uint32_t FLEXCAN_GetStatusFlags(CAN_Type*)	16	static
fsl_flexcan.h:850:20:void FLEXCAN_ClearStatusFlags(CAN_Type*, uint32_t)	16	static
fsl_flexcan.h:891:24:uint32_t FLEXCAN_GetMbStatusFlags(CAN_Type*, uint32_t)	16	static
fsl_flexcan.h:913:20:void FLEXCAN_ClearMbStatusFlags(CAN_Type*, uint32_t)	16	static
fsl_flexcan.h:940:20:void FLEXCAN_EnableInterrupts(CAN_Type*, uint32_t)	16	static
fsl_flexcan.h:961:20:void FLEXCAN_DisableInterrupts(CAN_Type*, uint32_t)	16	static
fsl_flexcan.h:984:20:void FLEXCAN_EnableMbInterrupts(CAN_Type*, uint32_t)	16	static
fsl_flexcan.h:1006:20:void FLEXCAN_DisableMbInterrupts(CAN_Type*, uint32_t)	16	static
fsl_flexcan.h:1064:20:void FLEXCAN_Enable(CAN_Type*, bool)	16	static
fsl_flexcan.c:317:10:uint32_t FLEXCAN_GetInstance(CAN_Type*)	24	static
fsl_flexcan.c:466:6:void FLEXCAN_EnterFreezeMode(CAN_Type*)	16	static
fsl_flexcan.c:477:6:void FLEXCAN_ExitFreezeMode(CAN_Type*)	16	static
fsl_flexcan.c:496:13:bool FLEXCAN_IsMbOccupied(CAN_Type*, uint8_t)	24	static
fsl_flexcan.c:555:13:bool FLEXCAN_IsMbIntEnabled(CAN_Type*, uint8_t)	24	static
fsl_flexcan.c:577:13:void FLEXCAN_Reset(CAN_Type*)	24	static
fsl_flexcan.c:653:13:void FLEXCAN_SetBaudRate(CAN_Type*, uint32_t, uint32_t, flexcan_timing_config_t)	32	static
fsl_flexcan.c:752:6:void FLEXCAN_Init(CAN_Type*, const flexcan_config_t*, uint32_t)	48	static
fsl_flexcan.c:951:6:void FLEXCAN_Deinit(CAN_Type*)	24	static
fsl_flexcan.c:992:6:void FLEXCAN_GetDefaultConfig(flexcan_config_t*)	16	static
fsl_flexcan.c:1044:6:void FLEXCAN_SetTimingConfig(CAN_Type*, const flexcan_timing_config_t*)	16	static
fsl_flexcan.c:1137:6:void FLEXCAN_SetRxMbGlobalMask(CAN_Type*, uint32_t)	16	static
fsl_flexcan.c:1159:6:void FLEXCAN_SetRxFifoGlobalMask(CAN_Type*, uint32_t)	16	static
fsl_flexcan.c:1185:6:void FLEXCAN_SetRxIndividualMask(CAN_Type*, uint8_t, uint32_t)	24	static
fsl_flexcan.c:1211:6:void FLEXCAN_SetTxMbConfig(CAN_Type*, uint8_t, bool)	16	static
fsl_flexcan.c:1244:13:bool FLEXCAN_GetSegments(uint32_t, uint32_t, flexcan_timing_config_t*)	40	static
fsl_flexcan.c:1310:6:bool FLEXCAN_CalculateImprovedTimingValues(uint32_t, uint32_t, flexcan_timing_config_t*)	40	static
fsl_flexcan.c:1728:6:void FLEXCAN_SetRxMbConfig(CAN_Type*, uint8_t, const flexcan_rx_mb_config_t*, bool)	32	static
fsl_flexcan.c:1848:6:void FLEXCAN_SetRxFifoConfig(CAN_Type*, const flexcan_rx_fifo_config_t*, bool)	48	static
fsl_flexcan.c:1966:6:void FLEXCAN_EnableRxFifoDMA(CAN_Type*, bool)	16	static
fsl_flexcan.c:2077:10:status_t FLEXCAN_WriteTxMb(CAN_Type*, uint8_t, const flexcan_frame_t*)	32	static
fsl_flexcan.c:2250:10:status_t FLEXCAN_ReadRxMb(CAN_Type*, uint8_t, flexcan_frame_t*)	40	static
fsl_flexcan.c:2425:10:status_t FLEXCAN_ReadRxFifo(CAN_Type*, flexcan_frame_t*)	24	static
fsl_flexcan.c:2488:10:status_t FLEXCAN_TransferSendBlocking(CAN_Type*, uint8_t, flexcan_frame_t*)	32	static
fsl_flexcan.c:2537:10:status_t FLEXCAN_TransferReceiveBlocking(CAN_Type*, uint8_t, flexcan_frame_t*)	32	static
fsl_flexcan.c:2659:10:status_t FLEXCAN_TransferReceiveFifoBlocking(CAN_Type*, flexcan_frame_t*)	24	static
fsl_flexcan.c:2689:6:void FLEXCAN_TransferCreateHandle(CAN_Type*, flexcan_handle_t*, flexcan_transfer_callback_t, void*)	32	static
fsl_flexcan.c:2754:10:status_t FLEXCAN_TransferSendNonBlocking(CAN_Type*, flexcan_handle_t*, flexcan_mb_transfer_t*)	32	static
fsl_flexcan.c:2818:10:status_t FLEXCAN_TransferReceiveNonBlocking(CAN_Type*, flexcan_handle_t*, flexcan_mb_transfer_t*)	32	static
fsl_flexcan.c:2988:10:status_t FLEXCAN_TransferReceiveFifoNonBlocking(CAN_Type*, flexcan_handle_t*, flexcan_fifo_transfer_t*)	32	static
fsl_flexcan.c:3029:6:void FLEXCAN_TransferAbortSend(CAN_Type*, flexcan_handle_t*, uint8_t)	32	static
fsl_flexcan.c:3145:6:void FLEXCAN_TransferAbortReceive(CAN_Type*, flexcan_handle_t*, uint8_t)	32	static
fsl_flexcan.c:3176:6:void FLEXCAN_TransferAbortReceiveFifo(CAN_Type*, flexcan_handle_t*)	16	static
fsl_flexcan.c:3213:10:uint32_t FLEXCAN_GetTimeStamp(flexcan_handle_t*, uint8_t)	16	static
fsl_flexcan.c:3221:13:bool FLEXCAN_CheckUnhandleInterruptEvents(CAN_Type*)	48	static
fsl_flexcan.c:3250:17:status_t FLEXCAN_SubHandlerForDataTransfered(CAN_Type*, flexcan_handle_t*, uint32_t*)	48	static
fsl_flexcan.c:3413:6:void FLEXCAN_TransferHandleIRQ(CAN_Type*, flexcan_handle_t*)	48	static
fsl_flexcan.c:3457:6:void CAN0_DriverIRQHandler()	8	static
fsl_flexcan.c:3467:6:void CAN1_DriverIRQHandler()	8	static
fsl_flexcan.c:3477:6:void CAN2_DriverIRQHandler()	8	static
