fsl_clock.h:672:20:void CLOCK_EnableClock(clock_ip_name_t)	24	static
fsl_clock.h:683:20:void CLOCK_DisableClock(clock_ip_name_t)	24	static
fsl_enc.c:47:17:uint32_t ENC_GetInstance(ENC_Type*)	24	static
fsl_enc.c:76:6:void ENC_Init(ENC_Type*, const enc_config_t*)	24	static
fsl_enc.c:174:6:void ENC_Deinit(ENC_Type*)	16	static
fsl_enc.c:206:6:void ENC_GetDefaultConfig(enc_config_t*)	16	static
fsl_enc.c:239:6:void ENC_DoSoftwareLoadInitialPositionValue(ENC_Type*)	24	static
fsl_enc.c:257:6:void ENC_SetSelfTestConfig(ENC_Type*, const enc_self_test_config_t*)	24	static
fsl_enc.c:284:6:void ENC_EnableWatchdog(ENC_Type*, bool)	24	static
fsl_enc.c:302:10:uint32_t ENC_GetStatusFlags(ENC_Type*)	24	static
fsl_enc.c:351:6:void ENC_ClearStatusFlags(ENC_Type*, uint32_t)	24	static
fsl_enc.c:403:6:void ENC_EnableInterrupts(ENC_Type*, uint32_t)	24	static
fsl_enc.c:454:6:void ENC_DisableInterrupts(ENC_Type*, uint32_t)	24	static
fsl_enc.c:506:10:uint32_t ENC_GetEnabledInterrupts(ENC_Type*)	24	static
fsl_enc.c:549:6:void ENC_SetInitialPositionValue(ENC_Type*, uint32_t)	16	static
fsl_enc.c:562:10:uint32_t ENC_GetPositionValue(ENC_Type*)	24	static
fsl_enc.c:584:10:uint32_t ENC_GetHoldPositionValue(ENC_Type*)	24	static
