fsl_common.h:552:28:uint32_t DisableGlobalIRQ()	16	static
fsl_common.h:583:24:void EnableGlobalIRQ(uint32_t)	24	static
fsl_smc.c:74:13:void SMC_EnterStopRamFunc()	16	static
fsl_smc.c:105:6:void SMC_PreEnterStopModes()	8	static
fsl_smc.c:117:6:void SMC_PostExitStopModes()	8	static
fsl_smc.c:128:6:void SMC_PreEnterWaitModes()	8	static
fsl_smc.c:140:6:void SMC_PostExitWaitModes()	8	static
fsl_smc.c:152:10:status_t SMC_SetPowerModeRun(SMC_Type*)	24	static
fsl_smc.c:172:10:status_t SMC_SetPowerModeHsrun(SMC_Type*)	24	static
fsl_smc.c:192:10:status_t SMC_SetPowerModeWait(SMC_Type*)	16	static
fsl_smc.c:210:10:status_t SMC_SetPowerModeStop(SMC_Type*, smc_partial_stop_option_t)	24	static
fsl_smc.c:252:10:status_t SMC_SetPowerModeVlpr(SMC_Type*)	24	static
fsl_smc.c:290:10:status_t SMC_SetPowerModeVlpw(SMC_Type*)	16	static
fsl_smc.c:308:10:status_t SMC_SetPowerModeVlps(SMC_Type*)	24	static
fsl_smc.c:405:10:status_t SMC_SetPowerModeVlls(SMC_Type*, const smc_power_mode_vlls_config_t*)	24	static
