core_cm7.h:1902:22:void __NVIC_EnableIRQ(IRQn_Type)	16	static
fsl_clock.h:672:20:void CLOCK_EnableClock(clock_ip_name_t)	24	static
fsl_clock.h:683:20:void CLOCK_DisableClock(clock_ip_name_t)	24	static
fsl_common.h:484:28:status_t EnableIRQ(IRQn_Type)	16	static
fsl_common.h:552:28:uint32_t DisableGlobalIRQ()	16	static
fsl_common.h:583:24:void EnableGlobalIRQ(uint32_t)	24	static
fsl_edma.c:61:17:uint32_t EDMA_GetInstance(DMA_Type*)	24	static
fsl_edma.c:86:6:void EDMA_InstallTCD(DMA_Type*, uint32_t, edma_tcd_t*)	24	static
fsl_edma.c:118:6:void EDMA_Init(DMA_Type*, const edma_config_t*)	24	static
fsl_edma.c:148:6:void EDMA_Deinit(DMA_Type*)	16	static
fsl_edma.c:170:6:void EDMA_GetDefaultConfig(edma_config_t*)	16	static
fsl_edma.c:194:6:void EDMA_ResetChannel(DMA_Type*, uint32_t)	16	static
fsl_edma.c:226:6:void EDMA_SetTransferConfig(DMA_Type*, uint32_t, const edma_transfer_config_t*, edma_tcd_t*)	24	static
fsl_edma.c:245:6:void EDMA_SetMinorOffsetConfig(DMA_Type*, uint32_t, const edma_minor_offset_config_t*)	32	static
fsl_edma.c:269:6:void EDMA_SetChannelPreemptionConfig(DMA_Type*, uint32_t, const edma_channel_Preemption_config_t*)	40	static
fsl_edma.c:300:6:void EDMA_SetChannelLink(DMA_Type*, uint32_t, edma_channel_link_type_t, uint32_t)	24	static
fsl_edma.c:322:6:void EDMA_SetBandWidth(DMA_Type*, uint32_t, edma_bandwidth_t)	24	static
fsl_edma.c:341:6:void EDMA_SetModulo(DMA_Type*, uint32_t, edma_modulo_t, edma_modulo_t)	32	static
fsl_edma.c:359:6:void EDMA_EnableChannelInterrupts(DMA_Type*, uint32_t, uint32_t)	24	static
fsl_edma.c:390:6:void EDMA_DisableChannelInterrupts(DMA_Type*, uint32_t, uint32_t)	24	static
fsl_edma.c:421:6:void EDMA_TcdReset(edma_tcd_t*)	16	static
fsl_edma.c:468:6:void EDMA_TcdSetTransferConfig(edma_tcd_t*, const edma_transfer_config_t*, edma_tcd_t*)	24	static
fsl_edma.c:519:6:void EDMA_TcdSetMinorOffsetConfig(edma_tcd_t*, const edma_minor_offset_config_t*)	24	static
fsl_edma.c:549:6:void EDMA_TcdSetChannelLink(edma_tcd_t*, edma_channel_link_type_t, uint32_t)	32	static
fsl_edma.c:599:6:void EDMA_TcdSetModulo(edma_tcd_t*, edma_modulo_t, edma_modulo_t)	24	static
fsl_edma.c:617:6:void EDMA_TcdEnableInterrupts(edma_tcd_t*, uint32_t)	16	static
fsl_edma.c:641:6:void EDMA_TcdDisableInterrupts(edma_tcd_t*, uint32_t)	16	static
fsl_edma.c:679:10:uint32_t EDMA_GetRemainingMajorLoopCount(DMA_Type*, uint32_t)	24	static
fsl_edma.c:715:10:uint32_t EDMA_GetChannelStatusFlags(DMA_Type*, uint32_t)	24	static
fsl_edma.c:739:6:void EDMA_ClearChannelStatusFlags(DMA_Type*, uint32_t, uint32_t)	24	static
fsl_edma.c:760:17:uint32_t EDMA_GetInstanceOffset(uint32_t)	16	static
fsl_edma.c:790:6:void EDMA_CreateHandle(edma_handle_t*, DMA_Type*, uint32_t)	40	static
fsl_edma.c:843:6:void EDMA_InstallTCDMemory(edma_handle_t*, edma_tcd_t*, uint32_t)	24	static
fsl_edma.c:867:6:void EDMA_SetCallback(edma_handle_t*, edma_callback, void*)	24	static
fsl_edma.c:875:29:edma_transfer_size_t EDMA_TransferWidthMapping(uint32_t)	24	static
fsl_edma.c:937:6:void EDMA_PrepareTransferConfig(edma_transfer_config_t*, void*, uint32_t, int16_t, void*, uint32_t, int16_t, uint32_t, uint32_t)	24	static
fsl_edma.c:986:6:void EDMA_PrepareTransfer(edma_transfer_config_t*, void*, uint32_t, void*, uint32_t, uint32_t, uint32_t, edma_transfer_type_t)	56	static
fsl_edma.c:1040:10:status_t EDMA_SubmitTransfer(edma_handle_t*, const edma_transfer_config_t*)	40	static
fsl_edma.c:1201:6:void EDMA_StartTransfer(edma_handle_t*)	32	static
fsl_edma.c:1248:6:void EDMA_StopTransfer(edma_handle_t*)	16	static
fsl_edma.c:1264:6:void EDMA_AbortTransfer(edma_handle_t*)	16	static
fsl_edma.c:1313:6:void EDMA_HandleIRQ(edma_handle_t*)	48	static
fsl_edma.c:1795:6:void DMA0_DMA16_DriverIRQHandler()	8	static
fsl_edma.c:1808:6:void DMA1_DMA17_DriverIRQHandler()	8	static
fsl_edma.c:1821:6:void DMA2_DMA18_DriverIRQHandler()	8	static
fsl_edma.c:1834:6:void DMA3_DMA19_DriverIRQHandler()	8	static
fsl_edma.c:1847:6:void DMA4_DMA20_DriverIRQHandler()	8	static
fsl_edma.c:1860:6:void DMA5_DMA21_DriverIRQHandler()	8	static
fsl_edma.c:1873:6:void DMA6_DMA22_DriverIRQHandler()	8	static
fsl_edma.c:1886:6:void DMA7_DMA23_DriverIRQHandler()	8	static
fsl_edma.c:1899:6:void DMA8_DMA24_DriverIRQHandler()	8	static
fsl_edma.c:1912:6:void DMA9_DMA25_DriverIRQHandler()	8	static
fsl_edma.c:1925:6:void DMA10_DMA26_DriverIRQHandler()	8	static
fsl_edma.c:1938:6:void DMA11_DMA27_DriverIRQHandler()	8	static
fsl_edma.c:1951:6:void DMA12_DMA28_DriverIRQHandler()	8	static
fsl_edma.c:1964:6:void DMA13_DMA29_DriverIRQHandler()	8	static
fsl_edma.c:1977:6:void DMA14_DMA30_DriverIRQHandler()	8	static
fsl_edma.c:1990:6:void DMA15_DMA31_DriverIRQHandler()	8	static
