core_cm7.h:1902:22:void __NVIC_EnableIRQ(IRQn_Type)	16	static
core_cm7.h:2032:22:void __NVIC_SetPriority(IRQn_Type, uint32_t)	16	static
fsl_common.h:552:28:uint32_t DisableGlobalIRQ()	16	static
fsl_common.h:583:24:void EnableGlobalIRQ(uint32_t)	24	static
fsl_gpio.h:162:20:void GPIO_PinWrite(GPIO_Type*, uint32_t, uint8_t)	32	static
fsl_gpio.h:223:24:uint32_t GPIO_PinRead(GPIO_Type*, uint32_t)	16	static
fsl_port.h:416:20:void PORT_SetPinInterruptConfig(PORT_Type*, uint32_t, port_interrupt_t)	24	static
gpio_adapter.c:63:13:void HAL_GpioInterruptHandle(uint8_t)	32	static
gpio_adapter.c:117:26:hal_gpio_status_t HAL_GpioConflictSearch(hal_gpio_state_t*, uint8_t, uint8_t)	16	static
gpio_adapter.c:130:26:hal_gpio_status_t HAL_GpioAddItem(hal_gpio_state_t**, hal_gpio_state_t*)	32	static
gpio_adapter.c:162:26:hal_gpio_status_t HAL_GpioRemoveItem(hal_gpio_state_t**, hal_gpio_state_t*)	32	static
gpio_adapter.c:256:6:void PORTA_IRQHandler()	8	static
gpio_adapter.c:265:6:void PORTB_IRQHandler()	8	static
gpio_adapter.c:274:6:void PORTC_IRQHandler()	8	static
gpio_adapter.c:283:6:void PORTB_PORTC_IRQHandler()	8	static
gpio_adapter.c:295:6:void PORTB_PORTC_PORTD_PORTE_IRQHandler()	8	static
gpio_adapter.c:309:6:void PORTC_PORTD_IRQHandler()	8	static
gpio_adapter.c:321:6:void PORTD_IRQHandler()	8	static
gpio_adapter.c:330:6:void PORTE_IRQHandler()	8	static
gpio_adapter.c:348:19:hal_gpio_status_t HAL_GpioInit(hal_gpio_handle_t, hal_gpio_pin_config_t*)	24	static
gpio_adapter.c:391:19:hal_gpio_status_t HAL_GpioDeinit(hal_gpio_handle_t)	24	static
gpio_adapter.c:406:19:hal_gpio_status_t HAL_GpioGetInput(hal_gpio_handle_t, uint8_t*)	24	static
gpio_adapter.c:419:19:hal_gpio_status_t HAL_GpioSetOutput(hal_gpio_handle_t, uint8_t)	24	static
gpio_adapter.c:431:19:hal_gpio_status_t HAL_GpioInstallCallback(hal_gpio_handle_t, hal_gpio_callback_t, void*)	32	static
gpio_adapter.c:447:19:hal_gpio_status_t HAL_GpioGetTriggerMode(hal_gpio_handle_t, hal_gpio_interrupt_trigger_t*)	24	static
gpio_adapter.c:464:19:hal_gpio_status_t HAL_GpioSetTriggerMode(hal_gpio_handle_t, hal_gpio_interrupt_trigger_t)	64	static
gpio_adapter.c:545:19:hal_gpio_status_t HAL_GpioWakeUpSetting(hal_gpio_handle_t, uint8_t)	24	static
gpio_adapter.c:565:19:hal_gpio_status_t HAL_GpioEnterLowpower(hal_gpio_handle_t)	16	static
gpio_adapter.c:572:19:hal_gpio_status_t HAL_GpioExitLowpower(hal_gpio_handle_t)	24	static
