fsl_common.h:552:28:uint32_t DisableGlobalIRQ()	16	static
fsl_common.h:583:24:void EnableGlobalIRQ(uint32_t)	24	static
serial_manager.c:271:32:serial_manager_status_t SerialManager_StartWriting(serial_manager_handle_t*, serial_manager_write_handle_t*, uint8_t*, uint32_t)	32	static
serial_manager.c:312:32:serial_manager_status_t SerialManager_StartReading(serial_manager_handle_t*, serial_manager_read_handle_t*, uint8_t*, uint32_t)	32	static
serial_manager.c:792:32:serial_manager_status_t SerialManager_Write(serial_write_handle_t, uint8_t*, uint32_t)	32	static
serial_manager.c:809:32:serial_manager_status_t SerialManager_Read(serial_read_handle_t, uint8_t*, uint32_t)	32	static
serial_manager.c:827:25:serial_manager_status_t SerialManager_Init(serial_handle_t, serial_manager_config_t*)	24	static
serial_manager.c:948:25:serial_manager_status_t SerialManager_Deinit(serial_handle_t)	24	static
serial_manager.c:1008:25:serial_manager_status_t SerialManager_OpenWriteHandle(serial_handle_t, serial_write_handle_t)	32	static
serial_manager.c:1035:25:serial_manager_status_t SerialManager_CloseWriteHandle(serial_write_handle_t)	32	static
serial_manager.c:1066:25:serial_manager_status_t SerialManager_OpenReadHandle(serial_handle_t, serial_read_handle_t)	32	static
serial_manager.c:1098:25:serial_manager_status_t SerialManager_CloseReadHandle(serial_read_handle_t)	32	static
serial_manager.c:1127:25:serial_manager_status_t SerialManager_WriteBlocking(serial_write_handle_t, uint8_t*, uint32_t)	24	static
serial_manager.c:1136:25:serial_manager_status_t SerialManager_ReadBlocking(serial_read_handle_t, uint8_t*, uint32_t)	24	static
serial_manager.c:1329:25:serial_manager_status_t SerialManager_EnterLowpower(serial_handle_t)	24	static
serial_manager.c:1364:25:serial_manager_status_t SerialManager_ExitLowpower(serial_handle_t)	24	static
